EN mux16_9 NULL C:/Users/Gianluca/EECE287/Lab5/Mux16_9.vhd sub00/vhpl04 1393365515
AR instruction_rom_muser_gpp behavioral C:/Users/Gianluca/EECE287/Lab5/GPP.vhf sub00/vhpl77 1393365588
EN instruction_rom_muser_gpp NULL C:/Users/Gianluca/EECE287/Lab5/GPP.vhf sub00/vhpl76 1393365587
AR instruction_decoder_muser_gpp behavioral C:/Users/Gianluca/EECE287/Lab5/GPP.vhf sub00/vhpl81 1393365592
AR regfile_muser_gpptestcircuit behavioral C:/Users/Gianluca/EECE287/Lab5/GPPTestCircuit.vhf sub00/vhpl53 1393365564
AR d2_4e_mxilinx_regfile behavioral C:/Users/Gianluca/EECE287/Lab5/RegFile.vhf sub00/vhpl99 1393365610
AR m2_1e_mxilinx_gpptestcircuit behavioral C:/Users/Gianluca/EECE287/Lab5/GPPTestCircuit.vhf sub00/vhpl45 1393365556
EN bitor2_8 NULL C:/Users/Gianluca/EECE287/Lab5/BitOr2_8.vhd sub00/vhpl20 1393365531
AR gpptestcircuit behavioral C:/Users/Gianluca/EECE287/Lab5/GPPTestCircuit.vhf sub00/vhpl65 1393365576
EN m8_1e_mxilinx_gpptestcircuit NULL C:/Users/Gianluca/EECE287/Lab5/GPPTestCircuit.vhf sub00/vhpl46 1393365557
EN m2_1e_mxilinx_gpptestcircuit NULL C:/Users/Gianluca/EECE287/Lab5/GPPTestCircuit.vhf sub00/vhpl44 1393365555
AR adder_8 behavioral C:/Users/Gianluca/EECE287/Lab5/Adder_8.vhd sub00/vhpl23 1393365534
AR sseg_driver behavioral C:/Users/Gianluca/EECE287/Lab5/sseg_driver.vhd sub00/vhpl43 1393365554
AR bitand2_8 behavioral C:/Users/Gianluca/EECE287/Lab5/BitAnd2_8.vhd sub00/vhpl19 1393365530
EN alu_muser_gpp NULL C:/Users/Gianluca/EECE287/Lab5/GPP.vhf sub00/vhpl70 1393365581
AR synchronizer behavioral C:/Users/Gianluca/EECE287/Lab5/synchronizer.vhd sub00/vhpl37 1393365548
EN regparallelload_1_muser_gpptestcircuit NULL C:/Users/Gianluca/EECE287/Lab5/GPPTestCircuit.vhf sub00/vhpl60 1393365571
AR m8_1e_mxilinx_gpptestcircuit behavioral C:/Users/Gianluca/EECE287/Lab5/GPPTestCircuit.vhf sub00/vhpl47 1393365558
EN regfile NULL C:/Users/Gianluca/EECE287/Lab5/RegFile.vhf sub01/vhpl100 1393365611
EN regparallelload_1 NULL C:/Users/Gianluca/EECE287/Lab5/RegParallelLoad_1.vhf sub01/vhpl102 1393365613
EN multiplier_overflow_8 NULL C:/Users/Gianluca/EECE287/Lab5/Multiplier_Overflow_8.vhd sub00/vhpl30 1393365541
EN regparallelload_4 NULL C:/Users/Gianluca/EECE287/Lab5/RegParallelLoad_4.vhd sub00/vhpl34 1393365545
EN regparallelload_8 NULL C:/Users/Gianluca/EECE287/Lab5/RegParallelLoad_8.vhd sub00/vhpl02 1393365513
AR regfile_muser_gpp behavioral C:/Users/Gianluca/EECE287/Lab5/GPP.vhf sub00/vhpl75 1393365586
AR regparallelload_1_muser_gpptestcircuit behavioral C:/Users/Gianluca/EECE287/Lab5/GPPTestCircuit.vhf sub00/vhpl61 1393365572
EN gpptestcircuit NULL C:/Users/Gianluca/EECE287/Lab5/GPPTestCircuit.vhf sub00/vhpl64 1393365575
AR alu_muser_gpp behavioral C:/Users/Gianluca/EECE287/Lab5/GPP.vhf sub00/vhpl71 1393365582
AR mux16_4 behavioral C:/Users/Gianluca/EECE287/Lab5/Mux16_4.vhd sub00/vhpl09 1393365520
AR adder_4 behavioral C:/Users/Gianluca/EECE287/Lab5/Adder_4.vhd sub00/vhpl11 1393365522
AR multiplier_overflow_8 behavioral C:/Users/Gianluca/EECE287/Lab5/Multiplier_Overflow_8.vhd sub00/vhpl31 1393365542
AR debouncer behavioral C:/Users/Gianluca/EECE287/Lab5/debouncer.vhd sub00/vhpl39 1393365550
EN controlalu_muser_gpp NULL C:/Users/Gianluca/EECE287/Lab5/GPP.vhf sub00/vhpl78 1393365589
AR mux8_8 behavioral C:/Users/Gianluca/EECE287/Lab5/Mux8_8.vhd sub00/vhpl15 1393365526
AR mux2_8 behavioral C:/Users/Gianluca/EECE287/Lab5/Mux2_8.vhd sub00/vhpl33 1393365544
AR controlalu_muser_gpp behavioral C:/Users/Gianluca/EECE287/Lab5/GPP.vhf sub00/vhpl79 1393365590
EN equalitycomp_8 NULL C:/Users/Gianluca/EECE287/Lab5/EqualityComp_8.vhd sub00/vhpl28 1393365539
AR instruction_rom behavioral C:/Users/Gianluca/EECE287/Lab5/Instruction_ROM.vhf sub00/vhpl97 1393365608
EN bitxor2_8 NULL C:/Users/Gianluca/EECE287/Lab5/BitXor2_8.vhd sub00/vhpl16 1393365527
AR controlalu behavioral C:/Users/Gianluca/EECE287/Lab5/ControlALU.vhf sub00/vhpl93 1393365604
EN d2_4e_mxilinx_gpp NULL C:/Users/Gianluca/EECE287/Lab5/GPP.vhf sub00/vhpl72 1393365583
EN pulser NULL C:/Users/Gianluca/EECE287/Lab5/pulser.vhd sub00/vhpl40 1393365551
AR pulser behavioral C:/Users/Gianluca/EECE287/Lab5/pulser.vhd sub00/vhpl41 1393365552
EN instruction_decoder NULL C:/Users/Gianluca/EECE287/Lab5/Instruction_Decoder.vhf sub00/vhpl94 1393365605
EN m8_1e_mxilinx_gpp NULL C:/Users/Gianluca/EECE287/Lab5/GPP.vhf sub00/vhpl68 1393365579
EN d2_4e_mxilinx_gpptestcircuit NULL C:/Users/Gianluca/EECE287/Lab5/GPPTestCircuit.vhf sub00/vhpl50 1393365561
AR mux2_4 behavioral C:/Users/Gianluca/EECE287/Lab5/Mux2_4.vhd sub00/vhpl13 1393365524
AR d2_4e_mxilinx_gpptestcircuit behavioral C:/Users/Gianluca/EECE287/Lab5/GPPTestCircuit.vhf sub00/vhpl51 1393365562
AR bitxor2_8 behavioral C:/Users/Gianluca/EECE287/Lab5/BitXor2_8.vhd sub00/vhpl17 1393365528
AR controlalu_muser_gpptestcircuit behavioral C:/Users/Gianluca/EECE287/Lab5/GPPTestCircuit.vhf sub00/vhpl57 1393365568
EN mux8_8 NULL C:/Users/Gianluca/EECE287/Lab5/Mux8_8.vhd sub00/vhpl14 1393365525
EN instruction_decoder_muser_gpp NULL C:/Users/Gianluca/EECE287/Lab5/GPP.vhf sub00/vhpl80 1393365591
EN instruction_rom_muser_gpptestcircuit NULL C:/Users/Gianluca/EECE287/Lab5/GPPTestCircuit.vhf sub00/vhpl54 1393365565
EN instruction_decoder_muser_gpptestcircuit NULL C:/Users/Gianluca/EECE287/Lab5/GPPTestCircuit.vhf sub00/vhpl58 1393365569
EN m8_1e_mxilinx_alu NULL C:/Users/Gianluca/EECE287/Lab5/ALU.vhf sub00/vhpl88 1393365599
AR mux16_9 behavioral C:/Users/Gianluca/EECE287/Lab5/Mux16_9.vhd sub00/vhpl05 1393365516
AR m8_1e_mxilinx_gpp behavioral C:/Users/Gianluca/EECE287/Lab5/GPP.vhf sub00/vhpl69 1393365580
AR regparallelload_1 behavioral C:/Users/Gianluca/EECE287/Lab5/RegParallelLoad_1.vhf sub01/vhpl103 1393365614
AR m2_1e_mxilinx_gpp behavioral C:/Users/Gianluca/EECE287/Lab5/GPP.vhf sub00/vhpl67 1393365578
EN synchronizer NULL C:/Users/Gianluca/EECE287/Lab5/synchronizer.vhd sub00/vhpl36 1393365547
AR equalitycomp_8 behavioral C:/Users/Gianluca/EECE287/Lab5/EqualityComp_8.vhd sub00/vhpl29 1393365540
AR regparallelload_1_muser_gpp behavioral C:/Users/Gianluca/EECE287/Lab5/GPP.vhf sub00/vhpl83 1393365594
AR mux4_8 behavioral C:/Users/Gianluca/EECE287/Lab5/Mux4_8.vhd sub00/vhpl01 1393365512
EN controlalu NULL C:/Users/Gianluca/EECE287/Lab5/ControlALU.vhf sub00/vhpl92 1393365603
AR m8_1e_mxilinx_alu behavioral C:/Users/Gianluca/EECE287/Lab5/ALU.vhf sub00/vhpl89 1393365600
AR instruction_decoder_muser_gpptestcircuit behavioral C:/Users/Gianluca/EECE287/Lab5/GPPTestCircuit.vhf sub00/vhpl59 1393365570
AR m2_1e_mxilinx_alu behavioral C:/Users/Gianluca/EECE287/Lab5/ALU.vhf sub00/vhpl87 1393365598
AR instruction_decoder behavioral C:/Users/Gianluca/EECE287/Lab5/Instruction_Decoder.vhf sub00/vhpl95 1393365606
AR shiftrightlogical_8 behavioral C:/Users/Gianluca/EECE287/Lab5/ShiftRightLogical_8.vhd sub00/vhpl25 1393365536
EN bitand2_8 NULL C:/Users/Gianluca/EECE287/Lab5/BitAnd2_8.vhd sub00/vhpl18 1393365529
EN mux2_4 NULL C:/Users/Gianluca/EECE287/Lab5/Mux2_4.vhd sub00/vhpl12 1393365523
EN gpp_muser_gpptestcircuit NULL C:/Users/Gianluca/EECE287/Lab5/GPPTestCircuit.vhf sub00/vhpl62 1393365573
EN m2_1e_mxilinx_gpp NULL C:/Users/Gianluca/EECE287/Lab5/GPP.vhf sub00/vhpl66 1393365577
AR gpp behavioral C:/Users/Gianluca/EECE287/Lab5/GPP.vhf sub00/vhpl85 1393365596
EN regfile_muser_gpptestcircuit NULL C:/Users/Gianluca/EECE287/Lab5/GPPTestCircuit.vhf sub00/vhpl52 1393365563
EN mux2_8 NULL C:/Users/Gianluca/EECE287/Lab5/Mux2_8.vhd sub00/vhpl32 1393365543
EN alu_muser_gpptestcircuit NULL C:/Users/Gianluca/EECE287/Lab5/GPPTestCircuit.vhf sub00/vhpl48 1393365559
EN instruction_rom NULL C:/Users/Gianluca/EECE287/Lab5/Instruction_ROM.vhf sub00/vhpl96 1393365607
AR alu_muser_gpptestcircuit behavioral C:/Users/Gianluca/EECE287/Lab5/GPPTestCircuit.vhf sub00/vhpl49 1393365560
AR gpp_muser_gpptestcircuit behavioral C:/Users/Gianluca/EECE287/Lab5/GPPTestCircuit.vhf sub00/vhpl63 1393365574
EN sseg_driver NULL C:/Users/Gianluca/EECE287/Lab5/sseg_driver.vhd sub00/vhpl42 1393365553
EN regfile_muser_gpp NULL C:/Users/Gianluca/EECE287/Lab5/GPP.vhf sub00/vhpl74 1393365585
AR mux16_3 behavioral C:/Users/Gianluca/EECE287/Lab5/Mux16_3.vhd sub00/vhpl07 1393365518
AR alu behavioral C:/Users/Gianluca/EECE287/Lab5/ALU.vhf sub00/vhpl91 1393365602
EN debouncer NULL C:/Users/Gianluca/EECE287/Lab5/debouncer.vhd sub00/vhpl38 1393365549
EN gpp NULL C:/Users/Gianluca/EECE287/Lab5/GPP.vhf sub00/vhpl84 1393365595
AR regparallelload_8 behavioral C:/Users/Gianluca/EECE287/Lab5/RegParallelLoad_8.vhd sub00/vhpl03 1393365514
EN m2_1e_mxilinx_alu NULL C:/Users/Gianluca/EECE287/Lab5/ALU.vhf sub00/vhpl86 1393365597
EN shiftrightlogical_8 NULL C:/Users/Gianluca/EECE287/Lab5/ShiftRightLogical_8.vhd sub00/vhpl24 1393365535
EN d2_4e_mxilinx_regfile NULL C:/Users/Gianluca/EECE287/Lab5/RegFile.vhf sub00/vhpl98 1393365609
EN controlalu_muser_gpptestcircuit NULL C:/Users/Gianluca/EECE287/Lab5/GPPTestCircuit.vhf sub00/vhpl56 1393365567
EN adder_4 NULL C:/Users/Gianluca/EECE287/Lab5/Adder_4.vhd sub00/vhpl10 1393365521
AR subtractor_8 behavioral C:/Users/Gianluca/EECE287/Lab5/Subtractor_8.vhd sub00/vhpl27 1393365538
EN adder_8 NULL C:/Users/Gianluca/EECE287/Lab5/Adder_8.vhd sub00/vhpl22 1393365533
AR d2_4e_mxilinx_gpp behavioral C:/Users/Gianluca/EECE287/Lab5/GPP.vhf sub00/vhpl73 1393365584
EN subtractor_8 NULL C:/Users/Gianluca/EECE287/Lab5/Subtractor_8.vhd sub00/vhpl26 1393365537
AR instruction_rom_muser_gpptestcircuit behavioral C:/Users/Gianluca/EECE287/Lab5/GPPTestCircuit.vhf sub00/vhpl55 1393365566
AR regfile behavioral C:/Users/Gianluca/EECE287/Lab5/RegFile.vhf sub01/vhpl101 1393365612
EN mux16_3 NULL C:/Users/Gianluca/EECE287/Lab5/Mux16_3.vhd sub00/vhpl06 1393365517
EN alu NULL C:/Users/Gianluca/EECE287/Lab5/ALU.vhf sub00/vhpl90 1393365601
AR bitor2_8 behavioral C:/Users/Gianluca/EECE287/Lab5/BitOr2_8.vhd sub00/vhpl21 1393365532
EN mux16_4 NULL C:/Users/Gianluca/EECE287/Lab5/Mux16_4.vhd sub00/vhpl08 1393365519
EN regparallelload_1_muser_gpp NULL C:/Users/Gianluca/EECE287/Lab5/GPP.vhf sub00/vhpl82 1393365593
EN mux4_8 NULL C:/Users/Gianluca/EECE287/Lab5/Mux4_8.vhd sub00/vhpl00 1393365511
AR regparallelload_4 behavioral C:/Users/Gianluca/EECE287/Lab5/RegParallelLoad_4.vhd sub00/vhpl35 1393365546
